CREATE TABLE Topic (
	id INTEGER PRIMARY KEY,
	name TEXT,
	dob TEXT DATE,
	const 
);